[backblue.gif]
[fade.gif]
[index.html]
[10.0.0.6/wordpress/index.php/feed/index.html]
[10.0.0.6/wordpress/index.php/comments/feed/index.html]
[10.0.0.6/wordpress/wp-includes/js/jquery/jqueryb8ff.js]
[10.0.0.6/wordpress/wp-includes/js/jquery/jquery-migrate.min330a.js]
[10.0.0.6/wordpress/xmlrpc0db0.php]
[10.0.0.6/wordpress/wp-includes/wlwmanifest.xml]
[10.0.0.6/wordpress/wp-content/themes/twentysixteen/js/skip-link-focus-fix8de4.js]
[10.0.0.6/wordpress/wp-content/themes/twentysixteen/js/functions8de4.js]
[10.0.0.6/wordpress/wp-includes/js/wp-embed.min167b.js]
[10.0.0.6/wordpress/index.html]
[10.0.0.6/wordpress/wp-content/themes/twentysixteen/genericons/Genericons.eot]
[10.0.0.6/wordpress/wp-content/themes/twentysixteen/genericons/Genericons.ttf]
[10.0.0.6/wordpress/wp-content/themes/twentysixteen/genericons/Genericonsd41d.eot]
[10.0.0.6/wordpress/wp-content/themes/twentysixteen/genericons/genericons5589.css]
[10.0.0.6/wordpress/wp-content/themes/twentysixteen/style167b.css]
[10.0.0.6/wordpress/wp-json/index.html]
[10.0.0.6/wordpress/index.php/2016/08/23/hello-world/feed/index.html]
[10.0.0.6/wordpress/index.php/2016/08/23/hello-world/index.html]
[10.0.0.6/wordpress/wp-includes/js/comment-reply.min167b.js]
[10.0.0.6/wordpress/index.php/author/farmhouse4/index.html]
[10.0.0.6/wordpress/index.php/2016/08/index.html]
[10.0.0.6/wordpress/index.php/category/uncategorized/index.html]
[10.0.0.6/wordpress/index.php/author/farmhouse4/feed/index.html]
[10.0.0.6/wordpress/wp-admin/load-stylesca2a.css]
[10.0.0.6/wordpress/wp-login.html]
[10.0.0.6/wordpress/wp-content/themes/twentysixteen/genericons/Genericons.svg]
[10.0.0.6/wordpress/xmlrpc.php]
[10.0.0.6/wordpress/indexcff1.html]
[10.0.0.6/wordpress/wp-json/oembed/1.0/embedb037.html]
[10.0.0.6/wordpress/wp-json/oembed/1.0/embede35f.html]
[10.0.0.6/wordpress/index.php/2016/08/23/hello-world/index6809.html]
[10.0.0.6/wordpress/wp-includes/fonts/dashicons.eot]
[10.0.0.6/wordpress/wp-admin/images/loading.gif]
[10.0.0.6/wordpress/wp-admin/images/w-logo-blue7a53.png]
[10.0.0.6/wordpress/wp-admin/load-stylesca2a.css]
[10.0.0.6/wordpress/wp-admin/index.html]
[10.0.0.6/wordpress/wp-loginc2b6.html]
[10.0.0.6/wordpress/wp-admin/images/wordpress-logo7d6b.svg]
[10.0.0.6/wordpress/wp-login26df.html]
[10.0.0.6/wordpress/wp-admin/&reauth=1.html]
